// Jest Snapshot v1, https://goo.gl/fbAQLP

exports[`Should render <OurModal/> should find button 1`] = `
<WithStyles(ForwardRef(Dialog))
  aria-labelledby="responsive-dialog-title"
  fullScreen={false}
  open={true}
>
  <WithStyles(ForwardRef(DialogTitle))
    id="responsive-dialog-title"
  >
    You have to be signed in to do that
  </WithStyles(ForwardRef(DialogTitle))>
  <WithStyles(ForwardRef(DialogContent))>
    <WithStyles(ForwardRef(DialogContentText))>
      <OurLink
        style={
          Object {
            "color": "#333",
          }
        }
        title="Sign In"
        to={
          Object {
            "pathname": "/login",
          }
        }
      />
    </WithStyles(ForwardRef(DialogContentText))>
  </WithStyles(ForwardRef(DialogContent))>
  <WithStyles(ForwardRef(DialogActions))>
    <WithStyles(ForwardRef(Button))
      autoFocus={true}
      color="primary"
    >
      Close
    </WithStyles(ForwardRef(Button))>
  </WithStyles(ForwardRef(DialogActions))>
</WithStyles(ForwardRef(Dialog))>
`;
